<html>
<body>
<pre>
<h1>µVision Build Log</h1>
<h2>Tool Versions:</h2>
IDE-Version: µVision V5.17.0.0
Copyright (C) 2015 ARM Ltd and ARM Germany GmbH. All rights reserved.
License Information: my nguyen, mimi, LIC=14HV2-9VSY8-Z9WG9-4RKHP-29WMF-5AGIT
 
Tool Versions:
Toolchain:       MDK-ARM Standard  Version: 5.17
Toolchain Path:  C:\Keil_v5\ARM\ARMCC\Bin
C Compiler:      Armcc.exe V5.06 update 1 (build 61)
Assembler:       Armasm.exe V5.06 update 1 (build 61)
Linker/Locator:  ArmLink.exe V5.06 update 1 (build 61)
Library Manager: ArmAr.exe V5.06 update 1 (build 61)
Hex Converter:   FromElf.exe V5.06 update 1 (build 61)
CPU DLL:         SARMCM3.DLL V5.17
Dialog DLL:      DCM.DLL V1.13.4.0
Target DLL:      STLink\ST-LINKIII-KEIL_SWO.dll V2.0.18.0
Dialog DLL:      TCM.DLL V1.14.6.0
 
<h2>Project:</h2>
D:\BKRA\SUMMER\module 2 uart\MDK-ARM\module 2 uart.uvprojx
Project File Date:  08/17/2024

<h2>Output:</h2>
*** Using Compiler 'V5.06 update 1 (build 61)', folder: 'C:\Keil_v5\ARM\ARMCC\Bin'
Build target 'module 2 uart'
compiling main.c...
../MDK-ARM/EEPROM.h(13): warning:  #1-D: last line of file ends without a newline
   
../Core/Src/main.c(113): warning:  #177-D: variable "aRxBuffer" was declared but never referenced
  	uint8_t aRxBuffer[100]; // Kích thu?c buffer ph?i phù h?p v?i c?u hình DMA
../Core/Src/main.c(139): warning:  #177-D: variable "rx_data" was declared but never referenced
  uint8_t rx_data;
../Core/Src/main.c(140): warning:  #177-D: variable "tx_data" was declared but never referenced
  	uint8_t tx_data[20]="STM32 Hello !!\r\n";
../Core/Src/main.c(597): warning:  #1-D: last line of file ends without a newline
  #endif /* USE_FULL_ASSERT */
../Core/Src/main.c(359): warning:  #177-D: function "MX_SPI2_Init" was declared but never referenced
  static void MX_SPI2_Init(void)
../Core/Src/main.c: 6 warnings, 0 errors
linking...
Program Size: Code=17404 RO-data=412 RW-data=32 ZI-data=2200  
FromELF: creating hex file...
"module 2 uart\module 2 uart.axf" - 0 Error(s), 6 Warning(s).

<h2>Software Packages used:</h2>

Package Vendor: ARM
                http://www.keil.com/pack/ARM.CMSIS.5.9.0.pack
                ARM::CMSIS:CORE:5.6.0
                CMSIS (Common Microcontroller Software Interface Standard)
   * Component: CORE Version: 5.6.0

<h2>Collection of Component include folders:</h2>
  D:\BKRA\SUMMER\module 2 uart\MDK-ARM\RTE
  C:\Users\User\AppData\Local\Arm\Packs\ARM\CMSIS\5.9.0\CMSIS\Core\Include
  C:\Users\User\AppData\Local\Arm\Packs\Keil\STM32F1xx_DFP\2.4.1\Device\Include

<h2>Collection of Component Files used:</h2>

   * Component: ARM::CMSIS:CORE:5.6.0
      Include file:  CMSIS\Core\Include\tz_context.h
      Source file:   CMSIS\Core\Template\ARMv8-M\tz_context.c
      Source file:   CMSIS\Core\Template\ARMv8-M\main_s.c
Build Time Elapsed:  00:00:03
</pre>
</body>
</html>
